[2026-08-22T20:12:00.657Z] GET https://tripkailash.com/ → pending (?ms, ?B)
[2026-08-22T20:12:04.976Z] GET https://tripkailash.com/wp-content/themes/Trip-Kailash/assets/css/base.css → pending (?ms, ?B)
[2026-08-22T20:12:04.976Z] GET https://tripkailash.com/wp-content/themes/Trip-Kailash/assets/images/hero-poster.jpg → pending (?ms, ?B)
[2026-08-22T20:12:04.976Z] GET https://tripkailash.com/wp-content/plugins/hostinger-reach/frontend/dist/blocks/subscription.css → pending (?ms, ?B)
[2026-08-22T20:12:04.976Z] GET https://tripkailash.com/wp-content/themes/Trip-Kailash/assets/css/main.css → pending (?ms, ?B)
[2026-08-22T20:12:04.976Z] GET https://tripkailash.com/wp-content/themes/Trip-Kailash/assets/css/seo-components.css → pending (?ms, ?B)
[2026-08-22T20:12:04.976Z] GET https://tripkailash.com/wp-content/plugins/elementor/assets/css/frontend.min.css → pending (?ms, ?B)
[2026-08-22T20:12:04.977Z] GET https://tripkailash.com/wp-content/uploads/elementor/css/post-8.css → pending (?ms, ?B)
[2026-08-22T20:12:04.979Z] GET https://tripkailash.com/wp-content/uploads/elementor/css/post-11.css → pending (?ms, ?B)
[2026-08-22T20:12:04.979Z] GET https://fonts.googleapis.com/css?family=Roboto:100,100italic,200,200italic,300,300italic,400,400italic,500,500italic,600,600italic,700,700italic,800,800italic,900,900italic&display=swap → pending (?ms, ?B)
[2026-08-22T20:12:04.979Z] GET https://fonts.googleapis.com/css?family=Roboto+Slab:100,100italic,200,200italic,300,300italic,400,400italic,500,500italic,600,600italic,700,700italic,800,800italic,900,900italic&display=swap → pending (?ms, ?B)
[2026-08-22T20:12:04.979Z] GET https://tripkailash.com/wp-includes/js/jquery/jquery.min.js → pending (?ms, ?B)
[2026-08-22T20:12:04.979Z] GET https://tripkailash.com/wp-includes/js/jquery/jquery-migrate.min.js → pending (?ms, ?B)
[2026-08-22T20:12:04.979Z] GET https://tripkailash.com/wp-content/uploads/2025/11/cropped-bfc07f0e-da29-43dd-9cd0-0ed7d8e3ac95-1536x615.png → pending (?ms, ?B)
[2026-08-22T20:12:04.979Z] GET https://tripkailash.com/wp-content/uploads/2025/11/guides-while-trekking.jpg → pending (?ms, ?B)
[2026-08-22T20:12:04.979Z] GET https://tripkailash.com/wp-content/plugins/hostinger-reach/frontend/dist/blocks/subscription-view.js → pending (?ms, ?B)
[2026-08-22T20:12:04.979Z] GET https://tripkailash.com/wp-content/themes/Trip-Kailash/assets/js/overlay.js → pending (?ms, ?B)
[2026-08-22T20:12:04.979Z] GET https://tripkailash.com/wp-content/themes/Trip-Kailash/assets/js/mobile-nav.js → pending (?ms, ?B)
[2026-08-22T20:12:04.979Z] GET https://tripkailash.com/wp-content/themes/Trip-Kailash/assets/js/header.js → pending (?ms, ?B)
[2026-08-22T20:12:04.979Z] GET https://tripkailash.com/wp-content/themes/Trip-Kailash/assets/js/video-controls.js → pending (?ms, ?B)
[2026-08-22T20:12:04.979Z] GET https://tripkailash.com/wp-content/themes/Trip-Kailash/assets/js/main.js → pending (?ms, ?B)
[2026-08-22T20:12:04.981Z] GET https://tripkailash.com/wp-content/plugins/elementor/assets/js/webpack.runtime.min.js → pending (?ms, ?B)
[2026-08-22T20:12:04.981Z] GET https://tripkailash.com/wp-content/plugins/elementor/assets/js/frontend-modules.min.js → pending (?ms, ?B)
[2026-08-22T20:12:04.981Z] GET https://tripkailash.com/wp-includes/js/jquery/ui/core.min.js → pending (?ms, ?B)
[2026-08-22T20:12:04.981Z] GET https://tripkailash.com/wp-content/plugins/elementor/assets/js/frontend.min.js → pending (?ms, ?B)
[2026-08-22T20:12:05.325Z] GET https://tripkailash.com/wp-content/themes/Trip-Kailash/assets/css/variables.css → 200 (434ms, 2123B)
[2026-08-22T20:12:05.325Z] GET https://tripkailash.com/wp-content/themes/Trip-Kailash/assets/css/components.css → 200 (434ms, 64659B)
[2026-08-22T20:12:05.325Z] GET https://tripkailash.com/wp-content/themes/Trip-Kailash/assets/css/header.css → 200 (434ms, 6437B)
[2026-08-22T20:12:05.327Z] GET https://tripkailash.com/wp-content/themes/Trip-Kailash/assets/css/footer.css → 200 (433ms, 4155B)
[2026-08-22T20:12:05.327Z] GET https://tripkailash.com/wp-content/themes/Trip-Kailash/assets/css/elementor-overrides.css → 200 (430ms, 5381B)
[2026-08-22T20:12:05.935Z] GET https://tripkailash.com/wp-content/uploads/2025/11/Shiva.png → pending (?ms, ?B)
[2026-08-22T20:12:05.935Z] GET https://tripkailash.com/wp-content/uploads/2025/11/Vishnu.png → pending (?ms, ?B)
[2026-08-22T20:12:05.935Z] GET https://tripkailash.com/wp-content/uploads/2025/11/Devi.png → pending (?ms, ?B)
[2026-08-22T20:12:05.938Z] GET https://tripkailash.com/wp-content/themes/Trip-Kailash/assets/images/nepal-map.svg → pending (?ms, ?B)
[2026-08-22T20:12:05.938Z] GET https://fonts.gstatic.com/s/roboto/v51/KFO7CnqEu92Fr1ME7kSn66aGLdTylUAMaxKUBGEe.woff2 → pending (?ms, ?B)
[2026-08-22T20:12:05.938Z] GET https://tripkailash.com/wp-content/uploads/2025/11/indoors-4234072-scaled.jpg → pending (?ms, ?B)
[2026-08-22T20:12:05.938Z] GET https://tripkailash.com/wp-content/uploads/2025/11/pooja-2725137.jpg → pending (?ms, ?B)
[2026-08-22T20:12:05.938Z] GET https://tripkailash.com/wp-content/uploads/2025/11/action-2277292-scaled.jpg → pending (?ms, ?B)
[2026-08-22T20:12:05.938Z] GET https://tripkailash.com/wp-content/uploads/2026/02/mt-kailash-1024x431.jpg → pending (?ms, ?B)
[2026-08-22T20:12:05.939Z] GET https://tripkailash.com/wp-content/themes/Trip-Kailash/assets/images/placeholder.jpg → pending (?ms, ?B)
[2026-08-22T20:12:05.939Z] GET https://tripkailash.com/wp-content/uploads/2025/12/Maratika_cave_1-1024x819.jpg → pending (?ms, ?B)
[2026-08-22T20:12:05.939Z] GET https://tripkailash.com/wp-content/uploads/2025/12/Untitled-1350-x-1080-px-1-1024x570.png → pending (?ms, ?B)
[2026-08-22T20:12:05.939Z] GET https://tripkailash.com/wp-content/uploads/2025/12/inath-1024x480.png → pending (?ms, ?B)
[2026-08-22T20:12:05.939Z] GET https://tripkailash.com/wp-content/uploads/2025/12/Untitled-1350-x-1080-px-1024x570.png → pending (?ms, ?B)
[2026-08-22T20:12:05.940Z] GET https://tripkailash.com/wp-content/uploads/2025/11/7031289_Person_Skiing_3840x2160.mp4 → pending (?ms, ?B)
[2026-08-22T20:12:06.937Z] GET https://tripkailash.com/wp-content/plugins/elementor/assets/js/shared-frontend-handlers.03caa53373b56d3bab67.bundle.min.js → pending (?ms, ?B)
